// Jest Snapshot v1, https://goo.gl/fbAQLP

exports[`testMatrix should generate a pretty ASCII-table snapshot when toMatchSnapshot is called 1`] = `
.-----------------------------.
|             fn1             |
|-----------------------------|
| col3 | col2 | col1 | result |
|------|------|------|--------|
| Δ    |   26 | a    |   1063 |
|      |      | b    |   1064 |
|      |      | c    |   1065 |
|      |      | d    |   1066 |
|      |    8 | a    |   1069 |
|      |      | b    |   1070 |
|      |      | c    |   1071 |
|      |      | d    |   1072 |
|      |    3 | a    |   1064 |
|      |      | b    |   1065 |
|      |      | c    |   1066 |
|      |      | d    |   1067 |
| ƒ    |   26 | a    |    549 |
|      |      | b    |    550 |
|      |      | c    |    551 |
|      |      | d    |    552 |
|      |    8 | a    |    555 |
|      |      | b    |    556 |
|      |      | c    |    557 |
|      |      | d    |    558 |
|      |    3 | a    |    550 |
|      |      | b    |    551 |
|      |      | c    |    552 |
|      |      | d    |    553 |
'-----------------------------'
`;
